// Jest Snapshot v1, https://goo.gl/fbAQLP

exports[`renders homepage unchanged 1`] = `
<div>
  <h2
    class="sc-bdvvtL lhoAZR"
  >
    Website Roadmap
  </h2>
  <ul
    class="sc-gsDKAQ"
  >
    <li
      class="sc-dkPtRN bRdvsI"
    >
      Next.js
    </li>
    <li
      class="sc-dkPtRN bRdvsI"
    >
      Add Typescript
    </li>
    <li
      class="sc-dkPtRN bRdvsI"
    >
      Create Dockerfile
    </li>
    <li
      class="sc-dkPtRN bRdvsI"
    >
      Next.js Standalone
    </li>
    <li
      class="sc-dkPtRN bRdvsI"
    >
      Cloud Run
    </li>
    <li
      class="sc-dkPtRN bRdvsI"
    >
      Add Cloud Build file
    </li>
    <li
      class="sc-dkPtRN bRdvsI"
    >
      Cloud Build
    </li>
    <li
      class="sc-dkPtRN bRdvsI"
    >
      Firebase Hosting Reverse Proxy
    </li>
    <li
      class="sc-dkPtRN bRdvsI"
    >
      Add Caching Headers
    </li>
    <li
      class="sc-dkPtRN bRdvsI"
    >
      Add Styled Components
    </li>
    <li
      class="sc-dkPtRN bRdvsI"
    >
      Setup pre-prod deploys
    </li>
    <li
      class="sc-dkPtRN kpWQrx"
    >
      Setup Testing
    </li>
    <ul
      class="sc-gsDKAQ"
    >
      <li
        class="sc-dkPtRN kpWQrx"
      >
        Add E2E Testing
      </li>
      <li
        class="sc-dkPtRN kpWQrx"
      >
        Add to E2E CI/CD
      </li>
      <li
        class="sc-dkPtRN bRdvsI"
      >
        Add Unit Testing
      </li>
      <li
        class="sc-dkPtRN bRdvsI"
      >
        Add to Unit CI/CD
      </li>
    </ul>
    <li
      class="sc-dkPtRN kpWQrx"
    >
      Add Sentry.io
    </li>
    <li
      class="sc-dkPtRN kpWQrx"
    >
      Add Firebase
    </li>
    <li
      class="sc-dkPtRN kpWQrx"
    >
      Add Firebase Anonymous Login
    </li>
    <li
      class="sc-dkPtRN kpWQrx"
    >
      Add Linting
    </li>
    <ul
      class="sc-gsDKAQ"
    >
      <li
        class="sc-dkPtRN kpWQrx"
      >
        Add to CI/CD
      </li>
    </ul>
    <li
      class="sc-dkPtRN kpWQrx"
    >
      Read in Mark Down Files
    </li>
    <li
      class="sc-dkPtRN kpWQrx"
    >
      Generate Pages from Mark Down Files
    </li>
    <li
      class="sc-dkPtRN kpWQrx"
    >
      load and optimise images
    </li>
    <li
      class="sc-dkPtRN kpWQrx"
    >
      Add SEO
    </li>
    <ul
      class="sc-gsDKAQ"
    >
      <li
        class="sc-dkPtRN kpWQrx"
      >
        Add SEO for Home page
      </li>
      <li
        class="sc-dkPtRN kpWQrx"
      >
        Add SEO for Post pages
      </li>
    </ul>
    <li
      class="sc-dkPtRN kpWQrx"
    >
      Create Home page
    </li>
    <ul
      class="sc-gsDKAQ"
    >
      <li
        class="sc-dkPtRN kpWQrx"
      >
        Design Home Page UI
      </li>
      <li
        class="sc-dkPtRN kpWQrx"
      >
        Create Layout Component
      </li>
      <li
        class="sc-dkPtRN kpWQrx"
      >
        Create Header Component
      </li>
      <li
        class="sc-dkPtRN kpWQrx"
      >
        Create Footer Component
      </li>
      <li
        class="sc-dkPtRN kpWQrx"
      >
        Generate list of latest posts
      </li>
    </ul>
    <li
      class="sc-dkPtRN kpWQrx"
    >
      Create Post Page
    </li>
    <ul
      class="sc-gsDKAQ"
    >
      <li
        class="sc-dkPtRN kpWQrx"
      >
        Design Post Page UI
      </li>
      <li
        class="sc-dkPtRN kpWQrx"
      >
        Create Post Page Component
      </li>
    </ul>
    <li
      class="sc-dkPtRN kpWQrx"
    >
      Create Icon / Branding
    </li>
    <li
      class="sc-dkPtRN kpWQrx"
    >
      Create 404 page
    </li>
    <li
      class="sc-dkPtRN kpWQrx"
    >
      Create Error page
    </li>
    <li
      class="sc-dkPtRN kpWQrx"
    >
      Create About me page
    </li>
    <li
      class="sc-dkPtRN kpWQrx"
    >
      Update Dev Deploy to link back to github
    </li>
    <li
      class="sc-dkPtRN kpWQrx"
    >
      Register domain and connect
    </li>
    <li
      class="sc-dkPtRN kpWQrx"
    >
      Comments
    </li>
    <ul
      class="sc-gsDKAQ"
    >
      <li
        class="sc-dkPtRN kpWQrx"
      >
        Plan out storage of Comments
      </li>
      <li
        class="sc-dkPtRN kpWQrx"
      >
        Create Comments API
      </li>
      <li
        class="sc-dkPtRN kpWQrx"
      >
        Create Comments List Component
      </li>
      <li
        class="sc-dkPtRN kpWQrx"
      >
        Create Comment Form Component
      </li>
      <li
        class="sc-dkPtRN kpWQrx"
      >
        Add Sign in with Google
      </li>
    </ul>
    <li
      class="sc-dkPtRN kpWQrx"
    >
      Reactions
    </li>
    <ul
      class="sc-gsDKAQ"
    >
      <li
        class="sc-dkPtRN kpWQrx"
      >
        Plan out storage of Reactions
      </li>
      <li
        class="sc-dkPtRN kpWQrx"
      >
        Plan out UX of Reactions
      </li>
      <li
        class="sc-dkPtRN kpWQrx"
      >
        Plan out UI of Reactions
      </li>
      <li
        class="sc-dkPtRN kpWQrx"
      >
        Create Reactions Component
      </li>
      <li
        class="sc-dkPtRN kpWQrx"
      >
        Store Reactions
      </li>
    </ul>
    <li
      class="sc-dkPtRN kpWQrx"
    >
      Add History page
    </li>
  </ul>
</div>
`;
